##### 2026-09-23 23:26:08
=== 일자별 (실제 절전 시간 기준) ===
  09-08   실제절전    8.2시간   1010     0건   시간당    0.0
  09-09   실제절전    7.3시간   1010  1054건   시간당  145.2
  09-10   실제절전    7.2시간   1010     2건   시간당    0.3
  09-11   실제절전    3.6시간   1010     0건   시간당    0.0
  09-12   실제절전   24.7시간   1010     0건   시간당    0.0
  09-13   실제절전    2.9시간   1010    10건   시간당    3.5
  09-14   실제절전    8.7시간   1010   141건   시간당   16.2
  09-15   실제절전    8.6시간   1010   732건   시간당   84.9
  09-16   실제절전    9.7시간   1010   774건   시간당   80.1
  09-17   실제절전    8.6시간   1010   624건   시간당   72.7
  09-18   실제절전    6.2시간   1010   542건   시간당   87.6
  09-19   실제절전    9.1시간   1010   490건   시간당   53.8
  09-20   실제절전    3.8시간   1010   220건   시간당   58.3
  09-21   실제절전    6.8시간   1010   553건   시간당   81.5
  09-22   실제절전    8.9시간   1010  1217건   시간당  136.9
  09-23   실제절전   10.4시간   1010  1617건   시간당  155.4
##### 2026-09-23 23:55:09
=== 일자별 (실제 절전 시간 기준) ===
  09-08   실제절전    8.2시간   1010     0건   시간당    0.0
  09-09   실제절전    7.3시간   1010  1054건   시간당  145.2
  09-10   실제절전    7.2시간   1010     2건   시간당    0.3
  09-11   실제절전    3.6시간   1010     0건   시간당    0.0
  09-12   실제절전   24.7시간   1010     0건   시간당    0.0
  09-13   실제절전    2.9시간   1010    10건   시간당    3.5
  09-14   실제절전    8.7시간   1010   141건   시간당   16.2
  09-15   실제절전    8.6시간   1010   732건   시간당   84.9
  09-16   실제절전    9.7시간   1010   774건   시간당   80.1
  09-17   실제절전    8.6시간   1010   624건   시간당   72.7
  09-18   실제절전    6.2시간   1010   542건   시간당   87.6
  09-19   실제절전    9.1시간   1010   490건   시간당   53.8
  09-20   실제절전    3.8시간   1010   220건   시간당   58.3
  09-21   실제절전    6.8시간   1010   553건   시간당   81.5
  09-22   실제절전    8.9시간   1010  1217건   시간당  136.9
  09-23   실제절전   10.9시간   1010  1689건   시간당  155.1
##### 2026-09-24 03:08:12
=== 일자별 (실제 절전 시간 기준) ===
  09-08   실제절전    8.2시간   1010     0건   시간당    0.0
  09-09   실제절전    7.3시간   1010  1054건   시간당  145.2
  09-10   실제절전    7.2시간   1010     2건   시간당    0.3
  09-11   실제절전    3.6시간   1010     0건   시간당    0.0
  09-12   실제절전   24.7시간   1010     0건   시간당    0.0
  09-13   실제절전    2.9시간   1010    10건   시간당    3.5
  09-14   실제절전    8.7시간   1010   141건   시간당   16.2
  09-15   실제절전    8.6시간   1010   732건   시간당   84.9
  09-16   실제절전    9.7시간   1010   774건   시간당   80.1
  09-17   실제절전    8.6시간   1010   624건   시간당   72.7
  09-18   실제절전    6.2시간   1010   542건   시간당   87.6
  09-19   실제절전    9.1시간   1010   490건   시간당   53.8
  09-20   실제절전    3.8시간   1010   220건   시간당   58.3
  09-21   실제절전    6.8시간   1010   553건   시간당   81.5
  09-22   실제절전    8.9시간   1010  1217건   시간당  136.9
  09-23   실제절전   14.1시간   1010  2168건   시간당  153.7
=== 사이클 (SAM7B0C 제거만, 같은 절전 시간) ===
  09-08   사이클     5건   시간당    0.6
  09-09   사이클   537건   시간당   73.6
  09-10   사이클     6건   시간당    0.8
  09-11   사이클     1건   시간당    0.3
  09-13   사이클    10건   시간당    3.4
  09-14   사이클   112건   시간당   12.9
  09-15   사이클   534건   시간당   62.1
  09-16   사이클   595건   시간당   61.3
  09-17   사이클   478건   시간당   55.6
  09-18   사이클   488건   시간당   78.7
  09-19   사이클   394건   시간당   43.3
  09-20   사이클   123건   시간당   32.4
  09-21   사이클   232건   시간당   34.1
  09-22   사이클   661건   시간당   74.3
  09-23   사이클   854건   시간당   60.6
  09-24   사이클   235건   시간당    0.0
