2026-09-24 10:06:10 armed — VIDEOIDLE AC 900, layout: SAM7B0C,SAM79DF
2026-09-24 10:06:11 watcher stopped (남은 0)
2026-09-24 10:18:12 storm 확인 — 캡처 시작, 기준 구간(평소 구성)
2026-09-24 10:21:12 기준 3분: 사이클 3
2026-09-24 10:21:19 G80SH 사용 안 함: status=Unknown → layout: SAM79DF / 전원 설정 재적용
2026-09-24 10:22:19   +1분 사이클 누적 0  1010(전체 DISPLAY) 0  status Error  layout SAM79DF
2026-09-24 10:23:20   +2분 사이클 누적 0  1010(전체 DISPLAY) 1  status Error  layout SAM79DF
2026-09-24 10:24:21   +3분 사이클 누적 0  1010(전체 DISPLAY) 2  status Error  layout SAM79DF
2026-09-24 10:24:21 사용 안 함 3분: 사이클 0 / DISPLAY 1010 전체 2
2026-09-24 10:24:21 입력 주입: 2
2026-09-24 10:24:22 장치 다시 켬: status=OK
2026-09-24 10:24:23 G80SH 붙일 수 있게 됨: 1.9초
2026-09-24 10:24:25 입력 후 평소 구성 복귀 ok=True active=SAM7B0C,SAM79DF primary=SAM7B0C (2.0초, 입력부터 3.9초)
2026-09-24 10:24:26 안전장치 — 장치 켬 확인: status=OK
2026-09-24 10:24:26 HOME 상태 확인
2026-09-24 10:24:31 VIDEOIDLE AC 복구 900 / watcher 재시작 
2026-09-24 10:24:31 done — task unregister
2026-09-24 10:29:43 armed — VIDEOIDLE AC 900, layout: SAM7B0C,SAM79DF
2026-09-24 10:29:43 watcher stopped (남은 0)
2026-09-24 10:32:13 storm 확인 — 캡처 시작, 기준 구간(평소 구성)
2026-09-24 10:35:14 기준 3분: 사이클 3
2026-09-24 10:35:16 Default_Monitor UID260 사용 안 함 시도: 오류 일반 오류입니다.  / present=False problem=
2026-09-24 10:35:22 G80SH 사용 안 함: status=Error → layout: SAM79DF / 전원 설정 재적용
2026-09-24 10:36:22   +1분 사이클 누적 0  1010(전체 DISPLAY) 0  status Error  layout SAM79DF
2026-09-24 10:37:23   +2분 사이클 누적 0  1010(전체 DISPLAY) 0  status Error  layout SAM79DF
2026-09-24 10:38:23   +3분 사이클 누적 0  1010(전체 DISPLAY) 0  status Error  layout SAM79DF
2026-09-24 10:38:23 사용 안 함 3분: 사이클 0 / DISPLAY 1010 전체 0
2026-09-24 10:38:23 입력 주입: 2
2026-09-24 10:38:25 장치 다시 켬: status=Unknown
2026-09-24 10:38:27 G80SH 붙일 수 있게 됨: 3.8초
2026-09-24 10:38:29 입력 후 평소 구성 복귀 ok=True active=SAM7B0C,SAM79DF primary=SAM7B0C (2.2초, 입력부터 6.1초)
2026-09-24 10:38:31 안전장치 — 장치 켬 확인: status=OK
2026-09-24 10:38:31 HOME 상태 확인
2026-09-24 10:38:36 VIDEOIDLE AC 복구 900 / watcher 재시작 
2026-09-24 10:38:36 done — task unregister
