=== 재설치 후 장시간 판정 ===
비교 대상:
  부팅 11:40 -> 첫 절전 12:26 ->  47초 만에 폭풍, 이후 4시간 406건
  부팅 17:18 -> 첫 절전 17:41 -> 222초 만에 폭풍
  부팅 18:52 -> 첫 절전 19:05 -> 406초까지 0건 (화면 켜져서 중단)
주의: 09-19 00:22~01:01 은 39분 절전에 0건이었다. 짧은 무사고는 증거가 약하다.

19:17:37  절전중 +  204s (누적꺼짐 1분)  SAM7B0C/Default=0
19:18:37  절전중 +  264s (누적꺼짐 2분)  SAM7B0C/Default=0
19:19:37  절전중 +  324s (누적꺼짐 3분)  SAM7B0C/Default=0
19:20:38  절전중 +  384s (누적꺼짐 4분)  SAM7B0C/Default=0
19:21:38  절전중 +  444s (누적꺼짐 5분)  SAM7B0C/Default=0
19:22:38  절전중 +  504s (누적꺼짐 6분)  SAM7B0C/Default=0
19:23:38  절전중 +  564s (누적꺼짐 7분)  SAM7B0C/Default=0
19:24:38  절전중 +  624s (누적꺼짐 8분)  SAM7B0C/Default=0
19:25:38  절전중 +  684s (누적꺼짐 9분)  SAM7B0C/Default=0
19:26:38  절전중 +  744s (누적꺼짐 10분)  SAM7B0C/Default=0
19:27:38  절전중 +  805s (누적꺼짐 11분)  SAM7B0C/Default=0
19:28:38  절전중 +  865s (누적꺼짐 12분)  SAM7B0C/Default=0
19:29:38  절전중 +  925s (누적꺼짐 13분)  SAM7B0C/Default=0
19:30:38  절전중 +  985s (누적꺼짐 14분)  SAM7B0C/Default=0
19:31:38  절전중 + 1045s (누적꺼짐 15분)  SAM7B0C/Default=0
19:32:38  절전중 + 1105s (누적꺼짐 16분)  SAM7B0C/Default=0
19:33:38  절전중 + 1165s (누적꺼짐 17분)  SAM7B0C/Default=0
19:34:38  절전중 + 1225s (누적꺼짐 18분)  SAM7B0C/Default=0
19:35:38  절전중 + 1285s (누적꺼짐 19분)  SAM7B0C/Default=3
=> 증상 재발. 잔재 제거는 해결책이 아니다.
   19:34:49.466  SAM7B0C
   19:35:35.773  SAM7B0C
   19:35:36.102  Default_Monitor
=== 종료 ===
